// Jest Snapshot v1, https://goo.gl/fbAQLP

exports[`Accordion should render without crashing 1`] = `
<Accordion
  isExpanded={false}
  title="My Title"
>
  <h2
    className="accordion is-size-4 is-uppercase"
  >
    <button
      aria-expanded="false"
      onClick={[Function]}
    >
      My Title
       
      <FontAwesomeIcon
        border={false}
        className=""
        fixedWidth={false}
        flip={null}
        icon={
          Array [
            "fas",
            "plus",
          ]
        }
        inverse={false}
        listItem={false}
        mask={null}
        pull={null}
        pulse={false}
        rotation={null}
        size="sm"
        spin={false}
        swapOpacity={false}
        symbol={false}
        title=""
        transform={null}
      >
        <svg
          aria-hidden="true"
          className="svg-inline--fa fa-plus fa-w-14 fa-sm "
          data-icon="plus"
          data-prefix="fas"
          focusable="false"
          role="img"
          style={Object {}}
          viewBox="0 0 448 512"
          xmlns="http://www.w3.org/2000/svg"
        >
          <path
            d="M416 208H272V64c0-17.67-14.33-32-32-32h-32c-17.67 0-32 14.33-32 32v144H32c-17.67 0-32 14.33-32 32v32c0 17.67 14.33 32 32 32h144v144c0 17.67 14.33 32 32 32h32c17.67 0 32-14.33 32-32V304h144c17.67 0 32-14.33 32-32v-32c0-17.67-14.33-32-32-32z"
            fill="currentColor"
            style={Object {}}
          />
        </svg>
      </FontAwesomeIcon>
    </button>
  </h2>
  <div
    className="accordion-content"
    data-id="My-Title"
    style={Object {}}
  >
    Test content
  </div>
</Accordion>
`;
