// Jest Snapshot v1, https://goo.gl/fbAQLP

exports[`BlogItem should render without crashing 1`] = `
<div
  className="column content  is-one-third-desktop "
>
  <h2
    className="title is-5"
  >
    <mockConstructor
      to="test-excerpt-for-blog-post"
    >
      Test Title
    </mockConstructor>
  </h2>
  <h3
    className="title is-7"
  >
    October 5th, 2019
  </h3>
  <p>
    Test excerpt for blog post
  </p>
  <mockConstructor
    className="button is-outlined is-link"
    to="test-excerpt-for-blog-post"
  >
    Read Post
  </mockConstructor>
</div>
`;
